Archive member included because of file (symbol)

/usr/bin/../lib/gcc/arm-none-eabi/4.9.3/../../../../arm-none-eabi/lib/armv7e-m/libstdc++_nano.a(new_op.o)
                              ./src/main.o (operator new(unsigned int))
/usr/bin/../lib/gcc/arm-none-eabi/4.9.3/../../../../arm-none-eabi/lib/armv7e-m/libstdc++_nano.a(new_handler.o)
                              /usr/bin/../lib/gcc/arm-none-eabi/4.9.3/../../../../arm-none-eabi/lib/armv7e-m/libstdc++_nano.a(new_op.o) (std::get_new_handler())
/usr/bin/../lib/gcc/arm-none-eabi/4.9.3/../../../../arm-none-eabi/lib/armv7e-m/libg_nano.a(lib_a-errno.o)
                              ./system/src/newlib/_sbrk.o (__errno)
/usr/bin/../lib/gcc/arm-none-eabi/4.9.3/../../../../arm-none-eabi/lib/armv7e-m/libg_nano.a(lib_a-impure.o)
                              /usr/bin/../lib/gcc/arm-none-eabi/4.9.3/../../../../arm-none-eabi/lib/armv7e-m/libg_nano.a(lib_a-errno.o) (_impure_ptr)
/usr/bin/../lib/gcc/arm-none-eabi/4.9.3/../../../../arm-none-eabi/lib/armv7e-m/libg_nano.a(lib_a-malloc.o)
                              /usr/bin/../lib/gcc/arm-none-eabi/4.9.3/../../../../arm-none-eabi/lib/armv7e-m/libstdc++_nano.a(new_op.o) (malloc)
/usr/bin/../lib/gcc/arm-none-eabi/4.9.3/../../../../arm-none-eabi/lib/armv7e-m/libg_nano.a(lib_a-nano-freer.o)
                              /usr/bin/../lib/gcc/arm-none-eabi/4.9.3/../../../../arm-none-eabi/lib/armv7e-m/libg_nano.a(lib_a-malloc.o) (_free_r)
/usr/bin/../lib/gcc/arm-none-eabi/4.9.3/../../../../arm-none-eabi/lib/armv7e-m/libg_nano.a(lib_a-nano-mallocr.o)
                              /usr/bin/../lib/gcc/arm-none-eabi/4.9.3/../../../../arm-none-eabi/lib/armv7e-m/libg_nano.a(lib_a-malloc.o) (_malloc_r)
/usr/bin/../lib/gcc/arm-none-eabi/4.9.3/../../../../arm-none-eabi/lib/armv7e-m/libg_nano.a(lib_a-sbrkr.o)
                              /usr/bin/../lib/gcc/arm-none-eabi/4.9.3/../../../../arm-none-eabi/lib/armv7e-m/libg_nano.a(lib_a-nano-mallocr.o) (_sbrk_r)

Allocating common symbols
Common symbol       size              file

errno               0x4               ./system/src/newlib/_syscalls.o

Discarded input sections

 .group         0x0000000000000000        0x8 ./system/src/stm32f4-spl/misc.o
 .group         0x0000000000000000        0x8 ./system/src/stm32f4-spl/misc.o
 .group         0x0000000000000000        0x8 ./system/src/stm32f4-spl/misc.o
 .group         0x0000000000000000        0x8 ./system/src/stm32f4-spl/misc.o
 .group         0x0000000000000000        0x8 ./system/src/stm32f4-spl/misc.o
 .group         0x0000000000000000        0x8 ./system/src/stm32f4-spl/misc.o
 .group         0x0000000000000000        0x8 ./system/src/stm32f4-spl/misc.o
 .group         0x0000000000000000        0x8 ./system/src/stm32f4-spl/misc.o
 .group         0x0000000000000000        0x8 ./system/src/stm32f4-spl/misc.o
 .group         0x0000000000000000        0x8 ./system/src/stm32f4-spl/misc.o
 .group         0x0000000000000000        0x8 ./system/src/stm32f4-spl/misc.o
 .group         0x0000000000000000        0x8 ./system/src/stm32f4-spl/misc.o
 .group         0x0000000000000000        0x8 ./system/src/stm32f4-spl/misc.o
 .group         0x0000000000000000        0x8 ./system/src/stm32f4-spl/misc.o
 .group         0x0000000000000000        0x8 ./system/src/stm32f4-spl/misc.o
 .group         0x0000000000000000        0x8 ./system/src/stm32f4-spl/misc.o
 .group         0x0000000000000000        0x8 ./system/src/stm32f4-spl/misc.o
 .group         0x0000000000000000        0x8 ./system/src/stm32f4-spl/misc.o
 .group         0x0000000000000000        0x8 ./system/src/stm32f4-spl/misc.o
 .group         0x0000000000000000        0x8 ./system/src/stm32f4-spl/misc.o
 .group         0x0000000000000000        0x8 ./system/src/stm32f4-spl/misc.o
 .group         0x0000000000000000        0x8 ./system/src/stm32f4-spl/misc.o
 .group         0x0000000000000000        0x8 ./system/src/stm32f4-spl/misc.o
 .group         0x0000000000000000        0x8 ./system/src/stm32f4-spl/misc.o
 .group         0x0000000000000000        0x8 ./system/src/stm32f4-spl/misc.o
 .group         0x0000000000000000        0x8 ./system/src/stm32f4-spl/misc.o
 .group         0x0000000000000000        0x8 ./system/src/stm32f4-spl/misc.o
 .group         0x0000000000000000        0x8 ./system/src/stm32f4-spl/misc.o
 .group         0x0000000000000000        0x8 ./system/src/stm32f4-spl/misc.o
 .group         0x0000000000000000        0x8 ./system/src/stm32f4-spl/misc.o
 .group         0x0000000000000000        0x8 ./system/src/stm32f4-spl/misc.o
 .group         0x0000000000000000        0x8 ./system/src/stm32f4-spl/misc.o
 .group         0x0000000000000000        0x8 ./system/src/stm32f4-spl/misc.o
 .group         0x0000000000000000        0x8 ./system/src/stm32f4-spl/misc.o
 .group         0x0000000000000000        0x8 ./system/src/stm32f4-spl/misc.o
 .group         0x0000000000000000        0x8 ./system/src/stm32f4-spl/misc.o
[...]
Memory Configuration

Name             Origin             Length             Attributes
RAM              0x0000000020000000 0x0000000000020000 xrw
CCMRAM           0x0000000010000000 0x0000000000010000 xrw
FLASH            0x0000000008000000 0x0000000000100000 xr
FLASHB1          0x0000000000000000 0x0000000000000000 xr
EXTMEMB0         0x0000000000000000 0x0000000000000000 xr
EXTMEMB1         0x0000000000000000 0x0000000000000000 xr
EXTMEMB2         0x0000000000000000 0x0000000000000000 xr
EXTMEMB3         0x0000000000000000 0x0000000000000000 xr
MEMORY_ARRAY     0x0000000020002000 0x0000000000000020 xrw
*default*        0x0000000000000000 0xffffffffffffffff

Linker script and memory map

LOAD ./system/src/stm32f4-spl/misc.o
LOAD ./system/src/stm32f4-spl/stm32f4xx_dma.o
LOAD ./system/src/stm32f4-spl/stm32f4xx_gpio.o
LOAD ./system/src/stm32f4-spl/stm32f4xx_rcc.o
LOAD ./system/src/stm32f4-spl/stm32f4xx_spi.o
LOAD ./system/src/stm32f4-spl/stm32f4xx_usart.o
LOAD ./system/src/newlib/_cxx.o
LOAD ./system/src/newlib/_exit.o
LOAD ./system/src/newlib/_sbrk.o
LOAD ./system/src/newlib/_startup.o
LOAD ./system/src/newlib/_syscalls.o
LOAD ./system/src/newlib/assert.o
LOAD ./system/src/cortexm/_initialize_hardware.o
LOAD ./system/src/cortexm/_reset_hardware.o
LOAD ./system/src/cortexm/exception_handlers.o
LOAD ./system/src/cmsis/system_stm32f4xx.o
LOAD ./system/src/cmsis/vectors_stm32f4xx.o
LOAD ./src/_initialize_hardware.o
LOAD ./src/main.o
LOAD ./lib/src/led.o
LOAD ./lib/src/usart.o
LOAD /usr/bin/../lib/gcc/arm-none-eabi/4.9.3/../../../../arm-none-eabi/lib/armv7e-m/libstdc++_nano.a
LOAD /usr/bin/../lib/gcc/arm-none-eabi/4.9.3/../../../../arm-none-eabi/lib/armv7e-m/libm.a
START GROUP
LOAD /usr/bin/../lib/gcc/arm-none-eabi/4.9.3/armv7e-m/libgcc.a
LOAD /usr/bin/../lib/gcc/arm-none-eabi/4.9.3/../../../../arm-none-eabi/lib/armv7e-m/libg_nano.a
LOAD /usr/bin/../lib/gcc/arm-none-eabi/4.9.3/../../../../arm-none-eabi/lib/armv7e-m/libc_nano.a
END GROUP
START GROUP
LOAD /usr/bin/../lib/gcc/arm-none-eabi/4.9.3/armv7e-m/libgcc.a
LOAD /usr/bin/../lib/gcc/arm-none-eabi/4.9.3/../../../../arm-none-eabi/lib/armv7e-m/libc_nano.a
END GROUP
                0x0000000020020000                __stack = (ORIGIN (RAM) + 0x20000)
                0x0000000020020000                _estack = __stack
                0x0000000000000400                __Main_Stack_Size = 0x400
                0x0000000000000400                PROVIDE (_Main_Stack_Size, __Main_Stack_Size)
                0x000000002001fc00                __Main_Stack_Limit = (__stack - __Main_Stack_Size)
                0x000000002001fc00                PROVIDE (_Main_Stack_Limit, __Main_Stack_Limit)
                0x0000000000000100                _Minimum_Stack_Size = 0x100
                0x0000000020000098                PROVIDE (_Heap_Begin, _end_noinit)
                0x000000002001fc00                PROVIDE (_Heap_Limit, (__stack - __Main_Stack_Size))

.isr_vector     0x0000000008000000      0x2e8
 FILL mask 0xff
                0x0000000008000000                __vectors_start__ = ABSOLUTE (.)
 *(.isr_vector)
 .isr_vector    0x0000000008000000      0x188 ./system/src/cmsis/vectors_stm32f4xx.o
                0x0000000008000000                __isr_vectors
 *(.cfmconfig)
 *(.after_vectors .after_vectors.*)
 .after_vectors
                0x0000000008000188      0x130 ./system/src/newlib/_startup.o
                0x0000000008000188                _start
 .after_vectors
                0x00000000080002b8       0x2c ./system/src/cortexm/exception_handlers.o
                0x00000000080002b8                Reset_Handler
                0x00000000080002c0                NMI_Handler
                0x00000000080002c4                HardFault_Handler
                0x00000000080002c8                MemManage_Handler
                0x00000000080002cc                BusFault_Handler
                0x00000000080002d0                UsageFault_Handler
                0x00000000080002d4                SVC_Handler
                0x00000000080002d8                DebugMon_Handler
                0x00000000080002dc                PendSV_Handler
                0x00000000080002e0                SysTick_Handler
 .after_vectors
                0x00000000080002e4        0x4 ./system/src/cmsis/vectors_stm32f4xx.o
                0x00000000080002e4                RTC_Alarm_IRQHandler
                0x00000000080002e4                HASH_RNG_IRQHandler
                0x00000000080002e4                EXTI2_IRQHandler
                0x00000000080002e4                TIM8_CC_IRQHandler
                0x00000000080002e4                TIM1_CC_IRQHandler
                0x00000000080002e4                DMA2_Stream5_IRQHandler
                0x00000000080002e4                DMA1_Stream5_IRQHandler
                0x00000000080002e4                PVD_IRQHandler
                0x00000000080002e4                SDIO_IRQHandler
                0x00000000080002e4                TAMP_STAMP_IRQHandler
                0x00000000080002e4                CAN2_RX1_IRQHandler
                0x00000000080002e4                EXTI3_IRQHandler
                0x00000000080002e4                TIM8_TRG_COM_TIM14_IRQHandler
                0x00000000080002e4                TIM1_UP_TIM10_IRQHandler
                0x00000000080002e4                TIM8_UP_TIM13_IRQHandler
                0x00000000080002e4                I2C3_ER_IRQHandler
                0x00000000080002e4                EXTI0_IRQHandler
                0x00000000080002e4                I2C2_EV_IRQHandler
                0x00000000080002e4                DMA1_Stream2_IRQHandler
                0x00000000080002e4                CAN1_RX0_IRQHandler
                0x00000000080002e4                FPU_IRQHandler
                0x00000000080002e4                OTG_HS_WKUP_IRQHandler
                0x00000000080002e4                CAN2_SCE_IRQHandler
                0x00000000080002e4                DMA2_Stream2_IRQHandler
                0x00000000080002e4                SPI1_IRQHandler
                0x00000000080002e4                TIM6_DAC_IRQHandler
                0x00000000080002e4                TIM1_BRK_TIM9_IRQHandler
                0x00000000080002e4                CAN2_RX0_IRQHandler
                0x00000000080002e4                DMA2_Stream3_IRQHandler
                0x00000000080002e4                USART6_IRQHandler
                0x00000000080002e4                USART3_IRQHandler
                0x00000000080002e4                CAN1_RX1_IRQHandler
                0x00000000080002e4                UART5_IRQHandler
                0x00000000080002e4                DMA2_Stream0_IRQHandler
                0x00000000080002e4                TIM4_IRQHandler
                0x00000000080002e4                I2C1_EV_IRQHandler
                0x00000000080002e4                DMA1_Stream6_IRQHandler
                0x00000000080002e4                DMA1_Stream1_IRQHandler
                0x00000000080002e4                UART4_IRQHandler
                0x00000000080002e4                TIM3_IRQHandler
                0x00000000080002e4                RCC_IRQHandler
                0x00000000080002e4                TIM8_BRK_TIM12_IRQHandler
                0x00000000080002e4                Default_Handler
                0x00000000080002e4                EXTI15_10_IRQHandler
                0x00000000080002e4                ADC_IRQHandler
                0x00000000080002e4                DMA1_Stream7_IRQHandler
                0x00000000080002e4                TIM7_IRQHandler
                0x00000000080002e4                CAN2_TX_IRQHandler
                0x00000000080002e4                TIM5_IRQHandler
                0x00000000080002e4                DMA2_Stream7_IRQHandler
                0x00000000080002e4                I2C3_EV_IRQHandler
                0x00000000080002e4                EXTI9_5_IRQHandler
                0x00000000080002e4                RTC_WKUP_IRQHandler
                0x00000000080002e4                SPI2_IRQHandler
                0x00000000080002e4                OTG_HS_EP1_IN_IRQHandler
                0x00000000080002e4                DMA1_Stream0_IRQHandler
                0x00000000080002e4                CAN1_TX_IRQHandler
                0x00000000080002e4                EXTI4_IRQHandler
                0x00000000080002e4                FSMC_IRQHandler
                0x00000000080002e4                OTG_HS_EP1_OUT_IRQHandler
                0x00000000080002e4                WWDG_IRQHandler
                0x00000000080002e4                TIM2_IRQHandler
                0x00000000080002e4                OTG_FS_WKUP_IRQHandler
                0x00000000080002e4                TIM1_TRG_COM_TIM11_IRQHandler
                0x00000000080002e4                OTG_HS_IRQHandler
                0x00000000080002e4                EXTI1_IRQHandler
                0x00000000080002e4                USART2_IRQHandler
                0x00000000080002e4                I2C2_ER_IRQHandler
                0x00000000080002e4                DMA2_Stream1_IRQHandler
                0x00000000080002e4                CAN1_SCE_IRQHandler
                0x00000000080002e4                FLASH_IRQHandler
                0x00000000080002e4                DMA2_Stream4_IRQHandler
                0x00000000080002e4                USART1_IRQHandler
                0x00000000080002e4                OTG_FS_IRQHandler
                0x00000000080002e4                SPI3_IRQHandler
                0x00000000080002e4                DMA1_Stream4_IRQHandler
                0x00000000080002e4                I2C1_ER_IRQHandler
                0x00000000080002e4                DMA2_Stream6_IRQHandler
                0x00000000080002e4                DMA1_Stream3_IRQHandler

.inits          0x00000000080002e8       0x28
                0x00000000080002e8                __data_regions_array_start = .
                0x00000000080002e8        0x4 LONG 0x80008e4 LOADADDR (.data)
                0x00000000080002ec        0x4 LONG 0x20000000 ADDR (.data)
                0x00000000080002f0        0x4 LONG 0x20000074 (ADDR (.data) + SIZEOF (.data))
                0x00000000080002f4        0x4 LONG 0x80008e4 LOADADDR (.data_CCMRAM)
                0x00000000080002f8        0x4 LONG 0x10000000 ADDR (.data_CCMRAM)
                0x00000000080002fc        0x4 LONG 0x10000000 (ADDR (.data_CCMRAM) + SIZEOF (.data_CCMRAM))
                0x0000000008000300                __data_regions_array_end = .
                0x0000000008000300                __bss_regions_array_start = .
                0x0000000008000300        0x4 LONG 0x20000074 ADDR (.bss)
                0x0000000008000304        0x4 LONG 0x20000098 (ADDR (.bss) + SIZEOF (.bss))
                0x0000000008000308        0x4 LONG 0x10000000 ADDR (.bss_CCMRAM)
                0x000000000800030c        0x4 LONG 0x10000000 (ADDR (.bss_CCMRAM) + SIZEOF (.bss_CCMRAM))
                0x0000000008000310                __bss_regions_array_end = .
 *(.init)
 *(.fini)
                0x0000000008000310                . = ALIGN (0x4)
                0x0000000008000310                PROVIDE (__preinit_array_start, .)
 *(.preinit_array_sysinit .preinit_array_sysinit.*)
 *(.preinit_array_platform .preinit_array_platform.*)
 *(.preinit_array .preinit_array.*)
                0x0000000008000310                PROVIDE (__preinit_array_end, .)
                0x0000000008000310                . = ALIGN (0x4)
                0x0000000008000310                PROVIDE (__init_array_start, .)
 *(SORT(.init_array.*))
 *(.init_array)
                0x0000000008000310                PROVIDE (__init_array_end, .)
                0x0000000008000310                . = ALIGN (0x4)
                0x0000000008000310                PROVIDE (__fini_array_start, .)
 *(SORT(.fini_array.*))
 *(.fini_array)
                0x0000000008000310                PROVIDE (__fini_array_end, .)

.flashtext
 *(.flashtext .flashtext.*)

.text           0x0000000008000310      0x5d2
 *(.text .text.*)
 .text.GPIO_Init
                0x0000000008000310      0x12c ./system/src/stm32f4-spl/stm32f4xx_gpio.o
                0x0000000008000310                GPIO_Init
 .text.GPIO_WriteBit
                0x000000000800043c       0xd4 ./system/src/stm32f4-spl/stm32f4xx_gpio.o
                0x000000000800043c                GPIO_WriteBit
 .text.RCC_AHB1PeriphClockCmd
                0x0000000008000510       0x4c ./system/src/stm32f4-spl/stm32f4xx_rcc.o
                0x0000000008000510                RCC_AHB1PeriphClockCmd
 .text._exit    0x000000000800055c        0x4 ./system/src/newlib/_exit.o
                0x000000000800055c                _exit
 .text.abort    0x0000000008000560        0x8 ./system/src/newlib/_exit.o
                0x0000000008000560                abort
 .text._sbrk    0x0000000008000568       0x44 ./system/src/newlib/_sbrk.o
                0x0000000008000568                _sbrk
 .text.__initialize_args
                0x00000000080005ac       0x10 ./system/src/newlib/_syscalls.o
                0x00000000080005ac                __initialize_args
 .text.assert_failed
                0x00000000080005bc        0x8 ./system/src/newlib/assert.o
                0x00000000080005bc                assert_failed
 .text.__initialize_hardware_early
                0x00000000080005c4        0x8 ./system/src/cortexm/_initialize_hardware.o
                0x00000000080005c4                __initialize_hardware_early
 .text.SystemInit
                0x00000000080005cc       0x40 ./system/src/cmsis/system_stm32f4xx.o
                0x00000000080005cc                SystemInit
 .text.__initialize_hardware
                0x000000000800060c        0x8 ./src/_initialize_hardware.o
                0x000000000800060c                __initialize_hardware
 .text.main     0x0000000008000614       0x20 ./src/main.o
                0x0000000008000614                main
 .text._ZN3LED3Led4InitENS_5PORTsEhNS_8LedStateE
                0x0000000008000634      0x12c ./lib/src/led.o
                0x0000000008000634                LED::Led::Init(LED::PORTs, unsigned char, LED::LedState)
 .text._ZN3LED3LedC2ENS_5PORTsEhNS_8LedStateE
                0x0000000008000760        0xc ./lib/src/led.o
                0x0000000008000760                LED::Led::Led(LED::PORTs, unsigned char, LED::LedState)
                0x0000000008000760                LED::Led::Led(LED::PORTs, unsigned char, LED::LedState)
 .text._Znwj    0x000000000800076c       0x22 /usr/bin/../lib/gcc/arm-none-eabi/4.9.3/../../../../arm-none-eabi/lib/armv7e-m/libstdc++_nano.a(new_op.o)
                0x000000000800076c                operator new(unsigned int)
 *fill*         0x000000000800078e        0x2 
 .text._ZSt15get_new_handlerv
                0x0000000008000790       0x10 /usr/bin/../lib/gcc/arm-none-eabi/4.9.3/../../../../arm-none-eabi/lib/armv7e-m/libstdc++_nano.a(new_handler.o)
                0x0000000008000790                std::get_new_handler()
 .text.__errno  0x00000000080007a0        0xc /usr/bin/../lib/gcc/arm-none-eabi/4.9.3/../../../../arm-none-eabi/lib/armv7e-m/libg_nano.a(lib_a-errno.o)
                0x00000000080007a0                __errno
 .text.malloc   0x00000000080007ac       0x10 /usr/bin/../lib/gcc/arm-none-eabi/4.9.3/../../../../arm-none-eabi/lib/armv7e-m/libg_nano.a(lib_a-malloc.o)
                0x00000000080007ac                malloc
 .text._malloc_r
                0x00000000080007bc       0xac /usr/bin/../lib/gcc/arm-none-eabi/4.9.3/../../../../arm-none-eabi/lib/armv7e-m/libg_nano.a(lib_a-nano-mallocr.o)
                0x00000000080007bc                _malloc_r
 .text._sbrk_r  0x0000000008000868       0x20 /usr/bin/../lib/gcc/arm-none-eabi/4.9.3/../../../../arm-none-eabi/lib/armv7e-m/libg_nano.a(lib_a-sbrkr.o)
                0x0000000008000868                _sbrk_r
 *(.rodata .rodata.* .constdata .constdata.*)
 .rodata.str1.4
                0x0000000008000888       0x2b ./system/src/stm32f4-spl/stm32f4xx_gpio.o
                                         0x2c (size before relaxing)
 *fill*         0x00000000080008b3        0x1 
 .rodata.str1.4
                0x00000000080008b4       0x2c ./system/src/stm32f4-spl/stm32f4xx_rcc.o
 .rodata.str1.1
                0x00000000080008e0        0x2 /usr/bin/../lib/gcc/arm-none-eabi/4.9.3/../../../../arm-none-eabi/lib/armv7e-m/libg_nano.a(lib_a-impure.o)
 *(vtable)
 *(.eh_frame*)
 *(.glue_7)
 .glue_7        0x0000000000000000        0x0 linker stubs
 *(.glue_7t)
 .glue_7t       0x0000000000000000        0x0 linker stubs

.vfp11_veneer   0x00000000080008e4        0x0
 .vfp11_veneer  0x0000000000000000        0x0 linker stubs

.v4_bx          0x00000000080008e4        0x0
 .v4_bx         0x0000000000000000        0x0 linker stubs

.iplt           0x00000000080008e4        0x0
 .iplt          0x0000000000000000        0x0 ./system/src/stm32f4-spl/misc.o

.rel.dyn        0x00000000080008e4        0x0
 .rel.iplt      0x0000000000000000        0x0 ./system/src/stm32f4-spl/misc.o

.ARM.extab
 *(.ARM.extab* .gnu.linkonce.armextab.*)
                0x00000000080008e4                . = ALIGN (0x4)
                0x00000000080008e4                __exidx_start = .

.ARM.exidx
 *(.ARM.exidx* .gnu.linkonce.armexidx.*)
                0x00000000080008e4                __exidx_end = .
                0x00000000080008e4                . = ALIGN (0x4)
                0x00000000080008e4                _etext = .
                0x00000000080008e4                __etext = .

.data_CCMRAM    0x0000000010000000        0x0 load address 0x00000000080008e4
 FILL mask 0xff
 *(.data.CCMRAM .data.CCMRAM.*)
                0x0000000010000000                . = ALIGN (0x4)
                0x00000000080008e4                _sidata = LOADADDR (.data)

.data           0x0000000020000000       0x74 load address 0x00000000080008e4
 FILL mask 0xff
                0x0000000020000000                _sdata = .
                0x0000000020000000                __data_start__ = .
 *(.data_begin .data_begin.*)
 .data_begin    0x0000000020000000        0x4 ./system/src/newlib/_startup.o
 *(.data .data.*)
 .data.argv.4510
                0x0000000020000004        0x8 ./system/src/newlib/_syscalls.o
 .data.impure_data
                0x000000002000000c       0x60 /usr/bin/../lib/gcc/arm-none-eabi/4.9.3/../../../../arm-none-eabi/lib/armv7e-m/libg_nano.a(lib_a-impure.o)
 .data._impure_ptr
                0x000000002000006c        0x4 /usr/bin/../lib/gcc/arm-none-eabi/4.9.3/../../../../arm-none-eabi/lib/armv7e-m/libg_nano.a(lib_a-impure.o)
                0x000000002000006c                _impure_ptr
 *(.data_end .data_end.*)
 .data_end      0x0000000020000070        0x4 ./system/src/newlib/_startup.o
                0x0000000020000074                . = ALIGN (0x4)
                0x0000000020000074                _edata = .
                0x0000000020000074                __data_end__ = .

.igot.plt       0x0000000020000074        0x0 load address 0x0000000008000958
 .igot.plt      0x0000000000000000        0x0 ./system/src/stm32f4-spl/misc.o

.bss_CCMRAM     0x0000000010000000        0x0
 *(.bss.CCMRAM .bss.CCMRAM.*)

.bss            0x0000000020000074       0x24
                0x0000000020000074                __bss_start__ = .
                0x0000000020000074                _sbss = .
 *(.bss_begin .bss_begin.*)
 .bss_begin     0x0000000020000074        0x4 ./system/src/newlib/_startup.o
 *(.bss .bss.*)
 .bss.current_heap_end.4304
                0x0000000020000078        0x4 ./system/src/newlib/_sbrk.o
 .bss.name.4509
                0x000000002000007c        0x4 ./system/src/newlib/_syscalls.o
 .bss.led       0x0000000020000080        0x4 ./src/main.o
                0x0000000020000080                led
 .bss._ZN12_GLOBAL__N_113__new_handlerE
                0x0000000020000084        0x4 /usr/bin/../lib/gcc/arm-none-eabi/4.9.3/../../../../arm-none-eabi/lib/armv7e-m/libstdc++_nano.a(new_handler.o)
 .bss.__malloc_sbrk_start
                0x0000000020000088        0x4 /usr/bin/../lib/gcc/arm-none-eabi/4.9.3/../../../../arm-none-eabi/lib/armv7e-m/libg_nano.a(lib_a-nano-mallocr.o)
                0x0000000020000088                __malloc_sbrk_start
 .bss.__malloc_free_list
                0x000000002000008c        0x4 /usr/bin/../lib/gcc/arm-none-eabi/4.9.3/../../../../arm-none-eabi/lib/armv7e-m/libg_nano.a(lib_a-nano-mallocr.o)
                0x000000002000008c                __malloc_free_list
 *(COMMON)
 COMMON         0x0000000020000090        0x4 ./system/src/newlib/_syscalls.o
                0x0000000020000090                errno
 *(.bss_end .bss_end.*)
 .bss_end       0x0000000020000094        0x4 ./system/src/newlib/_startup.o
                0x0000000020000098                . = ALIGN (0x4)
                0x0000000020000098                __bss_end__ = .
                0x0000000020000098                _ebss = .

.noinit_CCMRAM
 *(.noinit.CCMRAM .noinit.CCMRAM.*)

.noinit         0x0000000020000098        0x0
                0x0000000020000098                _noinit = .
 *(.noinit .noinit.*)
                0x0000000020000098                . = ALIGN (0x4)
                0x0000000020000098                _end_noinit = .
                0x0000000020000098                PROVIDE (end, _end_noinit)
                0x0000000020000098                PROVIDE (_end, _end_noinit)
                0x0000000020000098                PROVIDE (__end, _end_noinit)
                0x0000000020000098                PROVIDE (__end__, _end_noinit)

._check_stack   0x0000000020000098      0x100
                0x0000000020000198                . = (. + _Minimum_Stack_Size)
 *fill*         0x0000000020000098      0x100 

.b1text
 *(.b1text)
 *(.b1rodata)
 *(.b1rodata.*)

.eb0text
 *(.eb0text)
 *(.eb0rodata)
 *(.eb0rodata.*)

.eb1text
 *(.eb1text)
 *(.eb1rodata)
 *(.eb1rodata.*)

.eb2text
 *(.eb2text)
 *(.eb2rodata)
 *(.eb2rodata.*)

.eb3text
 *(.eb3text)
 *(.eb3rodata)
 *(.eb3rodata.*)

.stab
 *(.stab)

.stabstr
 *(.stabstr)

.stab.excl
 *(.stab.excl)

.stab.exclstr
 *(.stab.exclstr)

.stab.index
 *(.stab.index)

.stab.indexstr
 *(.stab.indexstr)

.comment        0x0000000000000000       0x70
 *(.comment)
 .comment       0x0000000000000000       0x70 ./system/src/stm32f4-spl/stm32f4xx_gpio.o
                                         0x71 (size before relaxing)
 .comment       0x0000000000000000       0x71 ./system/src/stm32f4-spl/stm32f4xx_rcc.o
 .comment       0x0000000000000000       0x71 ./system/src/newlib/_exit.o
 .comment       0x0000000000000000       0x71 ./system/src/newlib/_sbrk.o
 .comment       0x0000000000000000       0x71 ./system/src/newlib/_startup.o
 .comment       0x0000000000000000       0x71 ./system/src/newlib/_syscalls.o
 .comment       0x0000000000000000       0x71 ./system/src/newlib/assert.o
 .comment       0x0000000000000000       0x71 ./system/src/cortexm/_initialize_hardware.o
 .comment       0x0000000000000000       0x71 ./system/src/cortexm/exception_handlers.o
 .comment       0x0000000000000000       0x71 ./system/src/cmsis/system_stm32f4xx.o
 .comment       0x0000000000000000       0x71 ./system/src/cmsis/vectors_stm32f4xx.o
 .comment       0x0000000000000000       0x71 ./src/_initialize_hardware.o
 .comment       0x0000000000000000       0x71 ./src/main.o
 .comment       0x0000000000000000       0x71 ./lib/src/led.o

.ARM.attributes
                0x0000000000000000       0x33
 .ARM.attributes
                0x0000000000000000       0x33 ./system/src/stm32f4-spl/stm32f4xx_gpio.o
 .ARM.attributes
                0x0000000000000033       0x33 ./system/src/stm32f4-spl/stm32f4xx_rcc.o
 .ARM.attributes
                0x0000000000000066       0x33 ./system/src/newlib/_exit.o
 .ARM.attributes
                0x0000000000000099       0x33 ./system/src/newlib/_sbrk.o
 .ARM.attributes
                0x00000000000000cc       0x33 ./system/src/newlib/_startup.o
 .ARM.attributes
                0x00000000000000ff       0x33 ./system/src/newlib/_syscalls.o
 .ARM.attributes
                0x0000000000000132       0x33 ./system/src/newlib/assert.o
 .ARM.attributes
                0x0000000000000165       0x33 ./system/src/cortexm/_initialize_hardware.o
 .ARM.attributes
                0x0000000000000198       0x33 ./system/src/cortexm/exception_handlers.o
 .ARM.attributes
                0x00000000000001cb       0x33 ./system/src/cmsis/system_stm32f4xx.o
 .ARM.attributes
                0x00000000000001fe       0x33 ./system/src/cmsis/vectors_stm32f4xx.o
 .ARM.attributes
                0x0000000000000231       0x33 ./src/_initialize_hardware.o
 .ARM.attributes
                0x0000000000000264       0x33 ./src/main.o
 .ARM.attributes
                0x0000000000000297       0x33 ./lib/src/led.o
 .ARM.attributes
                0x00000000000002ca       0x2e /usr/bin/../lib/gcc/arm-none-eabi/4.9.3/../../../../arm-none-eabi/lib/armv7e-m/libstdc++_nano.a(new_op.o)
 .ARM.attributes
                0x00000000000002f8       0x2e /usr/bin/../lib/gcc/arm-none-eabi/4.9.3/../../../../arm-none-eabi/lib/armv7e-m/libstdc++_nano.a(new_handler.o)
 .ARM.attributes
                0x0000000000000326       0x2e /usr/bin/../lib/gcc/arm-none-eabi/4.9.3/../../../../arm-none-eabi/lib/armv7e-m/libg_nano.a(lib_a-errno.o)
 .ARM.attributes
                0x0000000000000354       0x2e /usr/bin/../lib/gcc/arm-none-eabi/4.9.3/../../../../arm-none-eabi/lib/armv7e-m/libg_nano.a(lib_a-impure.o)
 .ARM.attributes
                0x0000000000000382       0x2e /usr/bin/../lib/gcc/arm-none-eabi/4.9.3/../../../../arm-none-eabi/lib/armv7e-m/libg_nano.a(lib_a-malloc.o)
 .ARM.attributes
                0x00000000000003b0       0x2e /usr/bin/../lib/gcc/arm-none-eabi/4.9.3/../../../../arm-none-eabi/lib/armv7e-m/libg_nano.a(lib_a-nano-mallocr.o)
 .ARM.attributes
                0x00000000000003de       0x2e /usr/bin/../lib/gcc/arm-none-eabi/4.9.3/../../../../arm-none-eabi/lib/armv7e-m/libg_nano.a(lib_a-sbrkr.o)

.debug
 *(.debug)

.line
 *(.line)

.debug_srcinfo
 *(.debug_srcinfo)

.debug_sfnames
 *(.debug_sfnames)

.debug_aranges  0x0000000000000000      0x508
 *(.debug_aranges)
 .debug_aranges
                0x0000000000000000       0x88 ./system/src/stm32f4-spl/stm32f4xx_gpio.o
 .debug_aranges
                0x0000000000000088      0x180 ./system/src/stm32f4-spl/stm32f4xx_rcc.o
 .debug_aranges
                0x0000000000000208       0x28 ./system/src/newlib/_exit.o
 .debug_aranges
                0x0000000000000230       0x20 ./system/src/newlib/_sbrk.o
 .debug_aranges
                0x0000000000000250       0x40 ./system/src/newlib/_startup.o
 .debug_aranges
                0x0000000000000290       0xd0 ./system/src/newlib/_syscalls.o
 .debug_aranges
                0x0000000000000360       0x28 ./system/src/newlib/assert.o
 .debug_aranges
                0x0000000000000388       0x28 ./system/src/cortexm/_initialize_hardware.o
 .debug_aranges
                0x00000000000003b0       0x68 ./system/src/cortexm/exception_handlers.o
 .debug_aranges
                0x0000000000000418       0x28 ./system/src/cmsis/system_stm32f4xx.o
 .debug_aranges
                0x0000000000000440       0x20 ./system/src/cmsis/vectors_stm32f4xx.o
 .debug_aranges
                0x0000000000000460       0x20 ./src/_initialize_hardware.o
 .debug_aranges
                0x0000000000000480       0x20 ./src/main.o
 .debug_aranges
                0x00000000000004a0       0x68 ./lib/src/led.o

.debug_pubnames
 *(.debug_pubnames)

.debug_info     0x0000000000000000     0x4734
 *(.debug_info .gnu.linkonce.wi.*)
 .debug_info    0x0000000000000000      0xb10 ./system/src/stm32f4-spl/stm32f4xx_gpio.o
 .debug_info    0x0000000000000b10     0x13cf ./system/src/stm32f4-spl/stm32f4xx_rcc.o
 .debug_info    0x0000000000001edf       0xc9 ./system/src/newlib/_exit.o
 .debug_info    0x0000000000001fa8      0x125 ./system/src/newlib/_sbrk.o
 .debug_info    0x00000000000020cd      0x51a ./system/src/newlib/_startup.o
 .debug_info    0x00000000000025e7      0x8f3 ./system/src/newlib/_syscalls.o
 .debug_info    0x0000000000002eda      0x161 ./system/src/newlib/assert.o
 .debug_info    0x000000000000303b       0xea ./system/src/cortexm/_initialize_hardware.o
 .debug_info    0x0000000000003125       0xe9 ./system/src/cortexm/exception_handlers.o
 .debug_info    0x000000000000320e      0x4a7 ./system/src/cmsis/system_stm32f4xx.o
 .debug_info    0x00000000000036b5       0x92 ./system/src/cmsis/vectors_stm32f4xx.o
 .debug_info    0x0000000000003747       0xc4 ./src/_initialize_hardware.o
 .debug_info    0x000000000000380b      0x4d1 ./src/main.o
 .debug_info    0x0000000000003cdc      0xa58 ./lib/src/led.o

.debug_abbrev   0x0000000000000000     0x117d
 *(.debug_abbrev)
 .debug_abbrev  0x0000000000000000      0x1ec ./system/src/stm32f4-spl/stm32f4xx_gpio.o
 .debug_abbrev  0x00000000000001ec      0x228 ./system/src/stm32f4-spl/stm32f4xx_rcc.o
 .debug_abbrev  0x0000000000000414       0x85 ./system/src/newlib/_exit.o
 .debug_abbrev  0x0000000000000499       0xbb ./system/src/newlib/_sbrk.o
 .debug_abbrev  0x0000000000000554      0x211 ./system/src/newlib/_startup.o
 .debug_abbrev  0x0000000000000765      0x178 ./system/src/newlib/_syscalls.o
 .debug_abbrev  0x00000000000008dd       0x8f ./system/src/newlib/assert.o
 .debug_abbrev  0x000000000000096c       0x88 ./system/src/cortexm/_initialize_hardware.o
 .debug_abbrev  0x00000000000009f4       0x65 ./system/src/cortexm/exception_handlers.o
 .debug_abbrev  0x0000000000000a59      0x104 ./system/src/cmsis/system_stm32f4xx.o
 .debug_abbrev  0x0000000000000b5d       0x92 ./system/src/cmsis/vectors_stm32f4xx.o
 .debug_abbrev  0x0000000000000bef       0x88 ./src/_initialize_hardware.o
 .debug_abbrev  0x0000000000000c77      0x21f ./src/main.o
 .debug_abbrev  0x0000000000000e96      0x2e7 ./lib/src/led.o

.debug_line     0x0000000000000000     0x3545
 *(.debug_line)
 .debug_line    0x0000000000000000      0x923 ./system/src/stm32f4-spl/stm32f4xx_gpio.o
 .debug_line    0x0000000000000923      0xb38 ./system/src/stm32f4-spl/stm32f4xx_rcc.o
 .debug_line    0x000000000000145b      0x1a0 ./system/src/newlib/_exit.o
 .debug_line    0x00000000000015fb      0x194 ./system/src/newlib/_sbrk.o
 .debug_line    0x000000000000178f      0x26d ./system/src/newlib/_startup.o
 .debug_line    0x00000000000019fc      0x3d6 ./system/src/newlib/_syscalls.o
 .debug_line    0x0000000000001dd2      0x1ce ./system/src/newlib/assert.o
 .debug_line    0x0000000000001fa0      0x3f8 ./system/src/cortexm/_initialize_hardware.o
 .debug_line    0x0000000000002398       0xbf ./system/src/cortexm/exception_handlers.o
 .debug_line    0x0000000000002457      0x3f9 ./system/src/cmsis/system_stm32f4xx.o
 .debug_line    0x0000000000002850       0x8e ./system/src/cmsis/vectors_stm32f4xx.o
 .debug_line    0x00000000000028de      0x3c6 ./src/_initialize_hardware.o
 .debug_line    0x0000000000002ca4      0x3da ./src/main.o
 .debug_line    0x000000000000307e      0x4c7 ./lib/src/led.o

.debug_frame    0x0000000000000000      0xd08
 *(.debug_frame)
 .debug_frame   0x0000000000000000      0x188 ./system/src/stm32f4-spl/stm32f4xx_gpio.o
 .debug_frame   0x0000000000000188      0x48c ./system/src/stm32f4-spl/stm32f4xx_rcc.o
 .debug_frame   0x0000000000000614       0x38 ./system/src/newlib/_exit.o
 .debug_frame   0x000000000000064c       0x28 ./system/src/newlib/_sbrk.o
 .debug_frame   0x0000000000000674       0x7c ./system/src/newlib/_startup.o
 .debug_frame   0x00000000000006f0      0x230 ./system/src/newlib/_syscalls.o
 .debug_frame   0x0000000000000920       0x40 ./system/src/newlib/assert.o
 .debug_frame   0x0000000000000960       0x40 ./system/src/cortexm/_initialize_hardware.o
 .debug_frame   0x00000000000009a0       0xb8 ./system/src/cortexm/exception_handlers.o
 .debug_frame   0x0000000000000a58       0x30 ./system/src/cmsis/system_stm32f4xx.o
 .debug_frame   0x0000000000000a88       0x20 ./system/src/cmsis/vectors_stm32f4xx.o
 .debug_frame   0x0000000000000aa8       0x28 ./src/_initialize_hardware.o
 .debug_frame   0x0000000000000ad0       0x28 ./src/main.o
 .debug_frame   0x0000000000000af8      0x110 ./lib/src/led.o
 .debug_frame   0x0000000000000c08       0x28 /usr/bin/../lib/gcc/arm-none-eabi/4.9.3/../../../../arm-none-eabi/lib/armv7e-m/libstdc++_nano.a(new_op.o)
 .debug_frame   0x0000000000000c30       0x30 /usr/bin/../lib/gcc/arm-none-eabi/4.9.3/../../../../arm-none-eabi/lib/armv7e-m/libstdc++_nano.a(new_handler.o)
 .debug_frame   0x0000000000000c60       0x20 /usr/bin/../lib/gcc/arm-none-eabi/4.9.3/../../../../arm-none-eabi/lib/armv7e-m/libg_nano.a(lib_a-errno.o)
 .debug_frame   0x0000000000000c80       0x30 /usr/bin/../lib/gcc/arm-none-eabi/4.9.3/../../../../arm-none-eabi/lib/armv7e-m/libg_nano.a(lib_a-malloc.o)
 .debug_frame   0x0000000000000cb0       0x2c /usr/bin/../lib/gcc/arm-none-eabi/4.9.3/../../../../arm-none-eabi/lib/armv7e-m/libg_nano.a(lib_a-nano-mallocr.o)
 .debug_frame   0x0000000000000cdc       0x2c /usr/bin/../lib/gcc/arm-none-eabi/4.9.3/../../../../arm-none-eabi/lib/armv7e-m/libg_nano.a(lib_a-sbrkr.o)

.debug_str      0x0000000000000000    0x5dbb9
 *(.debug_str)
 .debug_str     0x0000000000000000    0x58723 ./system/src/stm32f4-spl/stm32f4xx_gpio.o
                                      0x5893e (size before relaxing)
 .debug_str     0x0000000000058723      0xbd3 ./system/src/stm32f4-spl/stm32f4xx_rcc.o
                                      0x5924e (size before relaxing)
 .debug_str     0x00000000000592f6     0x247f ./system/src/newlib/_exit.o
                                       0x4c3f (size before relaxing)
 .debug_str     0x000000000005b775      0x890 ./system/src/newlib/_sbrk.o
                                       0x455f (size before relaxing)
 .debug_str     0x000000000005c005      0x2f8 ./system/src/newlib/_startup.o
                                       0x4067 (size before relaxing)
 .debug_str     0x000000000005c2fd      0xe48 ./system/src/newlib/_syscalls.o
                                       0x6262 (size before relaxing)
 .debug_str     0x000000000005d145       0xc3 ./system/src/newlib/assert.o
                                       0x5610 (size before relaxing)
 .debug_str     0x000000000005d208       0x67 ./system/src/cortexm/_initialize_hardware.o
                                      0x58646 (size before relaxing)
 .debug_str     0x000000000005d26f       0xe8 ./system/src/cortexm/exception_handlers.o
                                       0x25e5 (size before relaxing)
 .debug_str     0x000000000005d357       0xa0 ./system/src/cmsis/system_stm32f4xx.o
                                      0x587b9 (size before relaxing)
 .debug_str     0x000000000005d3f7       0x57 ./system/src/cmsis/vectors_stm32f4xx.o
                                       0x2582 (size before relaxing)
 .debug_str     0x000000000005d44e       0x1e ./src/_initialize_hardware.o
                                      0x585ec (size before relaxing)
 .debug_str     0x000000000005d46c      0x675 ./src/main.o
                                      0x58aeb (size before relaxing)
 .debug_str     0x000000000005dae1       0xd8 ./lib/src/led.o
                                      0x58d19 (size before relaxing)

.debug_loc      0x0000000000000000     0x245c
 *(.debug_loc)
 .debug_loc     0x0000000000000000      0x4ec ./system/src/stm32f4-spl/stm32f4xx_gpio.o
 .debug_loc     0x00000000000004ec      0xf49 ./system/src/stm32f4-spl/stm32f4xx_rcc.o
 .debug_loc     0x0000000000001435       0x82 ./system/src/newlib/_sbrk.o
 .debug_loc     0x00000000000014b7      0x36e ./system/src/newlib/_startup.o
 .debug_loc     0x0000000000001825      0x549 ./system/src/newlib/_syscalls.o
 .debug_loc     0x0000000000001d6e       0xc6 ./system/src/newlib/assert.o
 .debug_loc     0x0000000000001e34      0x137 ./system/src/cmsis/system_stm32f4xx.o
 .debug_loc     0x0000000000001f6b      0x4f1 ./lib/src/led.o

.debug_macinfo
 *(.debug_macinfo)

.debug_weaknames
 *(.debug_weaknames)

.debug_funcnames
 *(.debug_funcnames)

.debug_typenames
 *(.debug_typenames)

.debug_varnames
 *(.debug_varnames)
OUTPUT(classF4.elf elf32-littlearm)

.debug_ranges   0x0000000000000000      0x428
 .debug_ranges  0x0000000000000000       0x78 ./system/src/stm32f4-spl/stm32f4xx_gpio.o
 .debug_ranges  0x0000000000000078      0x170 ./system/src/stm32f4-spl/stm32f4xx_rcc.o
 .debug_ranges  0x00000000000001e8       0x18 ./system/src/newlib/_exit.o
 .debug_ranges  0x0000000000000200       0x10 ./system/src/newlib/_sbrk.o
 .debug_ranges  0x0000000000000210       0x30 ./system/src/newlib/_startup.o
 .debug_ranges  0x0000000000000240       0xc0 ./system/src/newlib/_syscalls.o
 .debug_ranges  0x0000000000000300       0x18 ./system/src/newlib/assert.o
 .debug_ranges  0x0000000000000318       0x18 ./system/src/cortexm/_initialize_hardware.o
 .debug_ranges  0x0000000000000330       0x58 ./system/src/cortexm/exception_handlers.o
 .debug_ranges  0x0000000000000388       0x18 ./system/src/cmsis/system_stm32f4xx.o
 .debug_ranges  0x00000000000003a0       0x10 ./system/src/cmsis/vectors_stm32f4xx.o
 .debug_ranges  0x00000000000003b0       0x10 ./src/_initialize_hardware.o
 .debug_ranges  0x00000000000003c0       0x10 ./src/main.o
 .debug_ranges  0x00000000000003d0       0x58 ./lib/src/led.o

.debug_macro    0x0000000000000000     0x3d1b
 .debug_macro   0x0000000000000000      0x1a8 ./system/src/stm32f4-spl/stm32f4xx_gpio.o
 .debug_macro   0x00000000000001a8      0x282 ./system/src/stm32f4-spl/stm32f4xx_gpio.o
 .debug_macro   0x000000000000042a      0x264 ./system/src/stm32f4-spl/stm32f4xx_rcc.o
 .debug_macro   0x000000000000068e      0x576 ./system/src/stm32f4-spl/stm32f4xx_rcc.o
 .debug_macro   0x0000000000000c04       0xe2 ./system/src/newlib/_exit.o
 .debug_macro   0x0000000000000ce6       0x9c ./system/src/newlib/_exit.o
 .debug_macro   0x0000000000000d82      0x10e ./system/src/newlib/_exit.o
 .debug_macro   0x0000000000000e90       0x86 ./system/src/newlib/_exit.o
 .debug_macro   0x0000000000000f16       0x43 ./system/src/newlib/_exit.o
 .debug_macro   0x0000000000000f59      0x27a ./system/src/newlib/_exit.o
 .debug_macro   0x00000000000011d3       0xd1 ./system/src/newlib/_sbrk.o
 .debug_macro   0x00000000000012a4       0x19 ./system/src/newlib/_sbrk.o
 .debug_macro   0x00000000000012bd      0x16d ./system/src/newlib/_sbrk.o
 .debug_macro   0x000000000000142a       0x10 ./system/src/newlib/_sbrk.o
 .debug_macro   0x000000000000143a      0x23b ./system/src/newlib/_sbrk.o
 .debug_macro   0x0000000000001675       0xf0 ./system/src/newlib/_startup.o
 .debug_macro   0x0000000000001765      0x89e ./system/src/newlib/_startup.o
 .debug_macro   0x0000000000002003      0x17c ./system/src/newlib/_syscalls.o
 .debug_macro   0x000000000000217f       0x1c ./system/src/newlib/_syscalls.o
 .debug_macro   0x000000000000219b       0x10 ./system/src/newlib/_syscalls.o
 .debug_macro   0x00000000000021ab       0x35 ./system/src/newlib/_syscalls.o
 .debug_macro   0x00000000000021e0       0x10 ./system/src/newlib/_syscalls.o
 .debug_macro   0x00000000000021f0       0x10 ./system/src/newlib/_syscalls.o
 .debug_macro   0x0000000000002200       0x35 ./system/src/newlib/_syscalls.o
 .debug_macro   0x0000000000002235      0x121 ./system/src/newlib/_syscalls.o
 .debug_macro   0x0000000000002356       0x22 ./system/src/newlib/_syscalls.o
 .debug_macro   0x0000000000002378       0x2b ./system/src/newlib/_syscalls.o
 .debug_macro   0x00000000000023a3      0x118 ./system/src/newlib/_syscalls.o
 .debug_macro   0x00000000000024bb      0x13e ./system/src/newlib/_syscalls.o
 .debug_macro   0x00000000000025f9       0x16 ./system/src/newlib/_syscalls.o
 .debug_macro   0x000000000000260f      0x10d ./system/src/newlib/assert.o
 .debug_macro   0x000000000000271c       0x1c ./system/src/newlib/assert.o
 .debug_macro   0x0000000000002738      0x1a8 ./system/src/cortexm/_initialize_hardware.o
 .debug_macro   0x00000000000028e0       0x1b ./system/src/cortexm/exception_handlers.o
 .debug_macro   0x00000000000028fb      0x1a4 ./system/src/cmsis/system_stm32f4xx.o
 .debug_macro   0x0000000000002a9f       0x1b ./system/src/cmsis/vectors_stm32f4xx.o
 .debug_macro   0x0000000000002aba      0x19e ./src/_initialize_hardware.o
 .debug_macro   0x0000000000002c58      0x1b7 ./src/main.o
 .debug_macro   0x0000000000002e0f       0x1c ./src/main.o
 .debug_macro   0x0000000000002e2b      0xd39 ./src/main.o
 .debug_macro   0x0000000000003b64      0x1b7 ./lib/src/led.o
