Archive member included because of file (symbol)

/usr/bin/../lib/gcc/arm-none-eabi/4.9.3/../../../../arm-none-eabi/lib/armv7e-m/libg_nano.a(lib_a-errno.o)
                              ./system/src/newlib/_sbrk.o (__errno)
/usr/bin/../lib/gcc/arm-none-eabi/4.9.3/../../../../arm-none-eabi/lib/armv7e-m/libg_nano.a(lib_a-impure.o)
                              /usr/bin/../lib/gcc/arm-none-eabi/4.9.3/../../../../arm-none-eabi/lib/armv7e-m/libg_nano.a(lib_a-errno.o) (_impure_ptr)

Allocating common symbols
Common symbol       size              file

errno               0x4               ./system/src/newlib/_syscalls.o

Discarded input sections

 .group         0x0000000000000000        0x8 ./system/src/stm32f4-spl/misc.o
 .group         0x0000000000000000        0x8 ./system/src/stm32f4-spl/misc.o
 .group         0x0000000000000000        0x8 ./system/src/stm32f4-spl/misc.o
 .group         0x0000000000000000        0x8 ./system/src/stm32f4-spl/misc.o
 .group         0x0000000000000000        0x8 ./system/src/stm32f4-spl/misc.o
 .group         0x0000000000000000        0x8 ./system/src/stm32f4-spl/misc.o
 .group         0x0000000000000000        0x8 ./system/src/stm32f4-spl/misc.o
 .group         0x0000000000000000        0x8 ./system/src/stm32f4-spl/misc.o
 .group         0x0000000000000000        0x8 ./system/src/stm32f4-spl/misc.o
 .group         0x0000000000000000        0x8 ./system/src/stm32f4-spl/misc.o
 .group         0x0000000000000000        0x8 ./system/src/stm32f4-spl/misc.o
 .group         0x0000000000000000        0x8 ./system/src/stm32f4-spl/misc.o
 .group         0x0000000000000000        0x8 ./system/src/stm32f4-spl/misc.o
 .group         0x0000000000000000        0x8 ./system/src/stm32f4-spl/misc.o
 .group         0x0000000000000000        0x8 ./system/src/stm32f4-spl/misc.o
 .group         0x0000000000000000        0x8 ./system/src/stm32f4-spl/misc.o
 .group         0x0000000000000000        0x8 ./system/src/stm32f4-spl/misc.o
 .group         0x0000000000000000        0x8 ./system/src/stm32f4-spl/misc.o
 .group         0x0000000000000000        0x8 ./system/src/stm32f4-spl/misc.o
 .group         0x0000000000000000        0x8 ./system/src/stm32f4-spl/misc.o
 .group         0x0000000000000000        0x8 ./system/src/stm32f4-spl/misc.o
 .group         0x0000000000000000        0x8 ./system/src/stm32f4-spl/misc.o
 .group         0x0000000000000000        0x8 ./system/src/stm32f4-spl/misc.o
 .group         0x0000000000000000        0x8 ./system/src/stm32f4-spl/misc.o
 .group         0x0000000000000000        0x8 ./system/src/stm32f4-spl/misc.o
 .group         0x0000000000000000        0x8 ./system/src/stm32f4-spl/misc.o
 .group         0x0000000000000000        0x8 ./system/src/stm32f4-spl/misc.o
 .group         0x0000000000000000        0x8 ./system/src/stm32f4-spl/misc.o
 .group         0x0000000000000000        0x8 ./system/src/stm32f4-spl/misc.o
 .group         0x0000000000000000        0x8 ./system/src/stm32f4-spl/misc.o
 .group         0x0000000000000000        0x8 ./system/src/stm32f4-spl/misc.o
 .group         0x0000000000000000        0x8 ./system/src/stm32f4-spl/misc.o
 .group         0x0000000000000000        0x8 ./system/src/stm32f4-spl/misc.o
 .group         0x0000000000000000        0x8 ./system/src/stm32f4-spl/misc.o
 .group         0x0000000000000000        0x8 ./system/src/stm32f4-spl/misc.o
 .group         0x0000000000000000        0x8 ./system/src/stm32f4-spl/misc.o
 .group         0x0000000000000000        0x8 ./system/src/stm32f4-spl/misc.o
 .text          0x0000000000000000        0x0 ./system/src/stm32f4-spl/misc.o
 .data          0x0000000000000000        0x0 ./system/src/stm32f4-spl/misc.o
 .bss           0x0000000000000000        0x0 ./system/src/stm32f4-spl/misc.o
 .text.NVIC_PriorityGroupConfig
                0x0000000000000000       0x40 ./system/src/stm32f4-spl/misc.o
 .text.NVIC_Init
                0x0000000000000000       0x9c ./system/src/stm32f4-spl/misc.o
 .text.NVIC_SetVectorTable
                0x0000000000000000       0x44 ./system/src/stm32f4-spl/misc.o
 .text.NVIC_SystemLPConfig
                0x0000000000000000       0x48 ./system/src/stm32f4-spl/misc.o
 .text.SysTick_CLKSourceConfig
                0x0000000000000000       0x3c ./system/src/stm32f4-spl/misc.o
 .rodata.str1.4
                0x0000000000000000       0x24 ./system/src/stm32f4-spl/misc.o
 .debug_info    0x0000000000000000      0x65c ./system/src/stm32f4-spl/misc.o
 .debug_abbrev  0x0000000000000000      0x188 ./system/src/stm32f4-spl/misc.o
 .debug_loc     0x0000000000000000      0x1d5 ./system/src/stm32f4-spl/misc.o
 .debug_aranges
                0x0000000000000000       0x40 ./system/src/stm32f4-spl/misc.o
 .debug_ranges  0x0000000000000000       0x30 ./system/src/stm32f4-spl/misc.o
 .debug_macro   0x0000000000000000      0x1ae ./system/src/stm32f4-spl/misc.o
 .debug_macro   0x0000000000000000      0x892 ./system/src/stm32f4-spl/misc.o
[...]
Memory Configuration

Name             Origin             Length             Attributes
RAM              0x0000000020000000 0x0000000000020000 xrw
CCMRAM           0x0000000010000000 0x0000000000010000 xrw
FLASH            0x0000000008000000 0x0000000000100000 xr
FLASHB1          0x0000000000000000 0x0000000000000000 xr
EXTMEMB0         0x0000000000000000 0x0000000000000000 xr
EXTMEMB1         0x0000000000000000 0x0000000000000000 xr
EXTMEMB2         0x0000000000000000 0x0000000000000000 xr
EXTMEMB3         0x0000000000000000 0x0000000000000000 xr
MEMORY_ARRAY     0x0000000020002000 0x0000000000000020 xrw
*default*        0x0000000000000000 0xffffffffffffffff

Linker script and memory map

LOAD ./system/src/stm32f4-spl/misc.o
LOAD ./system/src/stm32f4-spl/stm32f4xx_dma.o
LOAD ./system/src/stm32f4-spl/stm32f4xx_gpio.o
LOAD ./system/src/stm32f4-spl/stm32f4xx_rcc.o
LOAD ./system/src/stm32f4-spl/stm32f4xx_spi.o
LOAD ./system/src/stm32f4-spl/stm32f4xx_usart.o
LOAD ./system/src/newlib/_cxx.o
LOAD ./system/src/newlib/_exit.o
LOAD ./system/src/newlib/_sbrk.o
LOAD ./system/src/newlib/_startup.o
LOAD ./system/src/newlib/_syscalls.o
LOAD ./system/src/newlib/assert.o
LOAD ./system/src/cortexm/_initialize_hardware.o
LOAD ./system/src/cortexm/_reset_hardware.o
LOAD ./system/src/cortexm/exception_handlers.o
LOAD ./system/src/cmsis/system_stm32f4xx.o
LOAD ./system/src/cmsis/vectors_stm32f4xx.o
LOAD ./src/_initialize_hardware.o
LOAD ./src/_write.o
LOAD ./src/main.o
LOAD /usr/bin/../lib/gcc/arm-none-eabi/4.9.3/../../../../arm-none-eabi/lib/armv7e-m/libstdc++_nano.a
LOAD /usr/bin/../lib/gcc/arm-none-eabi/4.9.3/../../../../arm-none-eabi/lib/armv7e-m/libm.a
START GROUP
LOAD /usr/bin/../lib/gcc/arm-none-eabi/4.9.3/armv7e-m/libgcc.a
LOAD /usr/bin/../lib/gcc/arm-none-eabi/4.9.3/../../../../arm-none-eabi/lib/armv7e-m/libg_nano.a
LOAD /usr/bin/../lib/gcc/arm-none-eabi/4.9.3/../../../../arm-none-eabi/lib/armv7e-m/libc_nano.a
END GROUP
START GROUP
LOAD /usr/bin/../lib/gcc/arm-none-eabi/4.9.3/armv7e-m/libgcc.a
LOAD /usr/bin/../lib/gcc/arm-none-eabi/4.9.3/../../../../arm-none-eabi/lib/armv7e-m/libc_nano.a
END GROUP
                0x0000000020020000                __stack = (ORIGIN (RAM) + 0x20000)
                0x0000000020020000                _estack = __stack
                0x0000000000000400                __Main_Stack_Size = 0x400
                0x0000000000000400                PROVIDE (_Main_Stack_Size, __Main_Stack_Size)
                0x000000002001fc00                __Main_Stack_Limit = (__stack - __Main_Stack_Size)
                0x000000002001fc00                PROVIDE (_Main_Stack_Limit, __Main_Stack_Limit)
                0x0000000000000100                _Minimum_Stack_Size = 0x100
                0x000000002000001c                PROVIDE (_Heap_Begin, _end_noinit)
                0x000000002001fc00                PROVIDE (_Heap_Limit, (__stack - __Main_Stack_Size))

.isr_vector     0x0000000008000000      0x2e8
 FILL mask 0xff
                0x0000000008000000                __vectors_start__ = ABSOLUTE (.)
 *(.isr_vector)
 .isr_vector    0x0000000008000000      0x188 ./system/src/cmsis/vectors_stm32f4xx.o
                0x0000000008000000                __isr_vectors
 *(.cfmconfig)
 *(.after_vectors .after_vectors.*)
 .after_vectors
                0x0000000008000188      0x130 ./system/src/newlib/_startup.o
                0x0000000008000188                _start
 .after_vectors
                0x00000000080002b8       0x2c ./system/src/cortexm/exception_handlers.o
                0x00000000080002b8                Reset_Handler
                0x00000000080002c0                NMI_Handler
                0x00000000080002c4                HardFault_Handler
                0x00000000080002c8                MemManage_Handler
                0x00000000080002cc                BusFault_Handler
                0x00000000080002d0                UsageFault_Handler
                0x00000000080002d4                SVC_Handler
                0x00000000080002d8                DebugMon_Handler
                0x00000000080002dc                PendSV_Handler
                0x00000000080002e0                SysTick_Handler
 .after_vectors
                0x00000000080002e4        0x4 ./system/src/cmsis/vectors_stm32f4xx.o
                0x00000000080002e4                RTC_Alarm_IRQHandler
                0x00000000080002e4                HASH_RNG_IRQHandler
                0x00000000080002e4                EXTI2_IRQHandler
                0x00000000080002e4                TIM8_CC_IRQHandler
                0x00000000080002e4                TIM1_CC_IRQHandler
                0x00000000080002e4                DMA2_Stream5_IRQHandler
                0x00000000080002e4                DMA1_Stream5_IRQHandler
                0x00000000080002e4                PVD_IRQHandler
                0x00000000080002e4                SDIO_IRQHandler
                0x00000000080002e4                TAMP_STAMP_IRQHandler
                0x00000000080002e4                CAN2_RX1_IRQHandler
                0x00000000080002e4                EXTI3_IRQHandler
                0x00000000080002e4                TIM8_TRG_COM_TIM14_IRQHandler
                0x00000000080002e4                TIM1_UP_TIM10_IRQHandler
                0x00000000080002e4                TIM8_UP_TIM13_IRQHandler
                0x00000000080002e4                I2C3_ER_IRQHandler
                0x00000000080002e4                EXTI0_IRQHandler
                0x00000000080002e4                I2C2_EV_IRQHandler
                0x00000000080002e4                DMA1_Stream2_IRQHandler
                0x00000000080002e4                CAN1_RX0_IRQHandler
                0x00000000080002e4                FPU_IRQHandler
                0x00000000080002e4                OTG_HS_WKUP_IRQHandler
                0x00000000080002e4                CAN2_SCE_IRQHandler
                0x00000000080002e4                DMA2_Stream2_IRQHandler
                0x00000000080002e4                SPI1_IRQHandler
                0x00000000080002e4                TIM6_DAC_IRQHandler
                0x00000000080002e4                TIM1_BRK_TIM9_IRQHandler
                0x00000000080002e4                CAN2_RX0_IRQHandler
                0x00000000080002e4                DMA2_Stream3_IRQHandler
                0x00000000080002e4                USART6_IRQHandler
                0x00000000080002e4                USART3_IRQHandler
                0x00000000080002e4                CAN1_RX1_IRQHandler
                0x00000000080002e4                UART5_IRQHandler
                0x00000000080002e4                DMA2_Stream0_IRQHandler
                0x00000000080002e4                TIM4_IRQHandler
                0x00000000080002e4                I2C1_EV_IRQHandler
                0x00000000080002e4                DMA1_Stream6_IRQHandler
                0x00000000080002e4                DMA1_Stream1_IRQHandler
                0x00000000080002e4                UART4_IRQHandler
                0x00000000080002e4                TIM3_IRQHandler
                0x00000000080002e4                RCC_IRQHandler
                0x00000000080002e4                TIM8_BRK_TIM12_IRQHandler
                0x00000000080002e4                Default_Handler
                0x00000000080002e4                EXTI15_10_IRQHandler
                0x00000000080002e4                ADC_IRQHandler
                0x00000000080002e4                DMA1_Stream7_IRQHandler
                0x00000000080002e4                TIM7_IRQHandler
                0x00000000080002e4                CAN2_TX_IRQHandler
                0x00000000080002e4                TIM5_IRQHandler
                0x00000000080002e4                DMA2_Stream7_IRQHandler
                0x00000000080002e4                I2C3_EV_IRQHandler
                0x00000000080002e4                EXTI9_5_IRQHandler
                0x00000000080002e4                RTC_WKUP_IRQHandler
                0x00000000080002e4                SPI2_IRQHandler
                0x00000000080002e4                OTG_HS_EP1_IN_IRQHandler
                0x00000000080002e4                DMA1_Stream0_IRQHandler
                0x00000000080002e4                CAN1_TX_IRQHandler
                0x00000000080002e4                EXTI4_IRQHandler
                0x00000000080002e4                FSMC_IRQHandler
                0x00000000080002e4                OTG_HS_EP1_OUT_IRQHandler
                0x00000000080002e4                WWDG_IRQHandler
                0x00000000080002e4                TIM2_IRQHandler
                0x00000000080002e4                OTG_FS_WKUP_IRQHandler
                0x00000000080002e4                TIM1_TRG_COM_TIM11_IRQHandler
                0x00000000080002e4                OTG_HS_IRQHandler
                0x00000000080002e4                EXTI1_IRQHandler
                0x00000000080002e4                USART2_IRQHandler
                0x00000000080002e4                I2C2_ER_IRQHandler
                0x00000000080002e4                DMA2_Stream1_IRQHandler
                0x00000000080002e4                CAN1_SCE_IRQHandler
                0x00000000080002e4                FLASH_IRQHandler
                0x00000000080002e4                DMA2_Stream4_IRQHandler
                0x00000000080002e4                USART1_IRQHandler
                0x00000000080002e4                OTG_FS_IRQHandler
                0x00000000080002e4                SPI3_IRQHandler
                0x00000000080002e4                DMA1_Stream4_IRQHandler
                0x00000000080002e4                I2C1_ER_IRQHandler
                0x00000000080002e4                DMA2_Stream6_IRQHandler
                0x00000000080002e4                DMA1_Stream3_IRQHandler

.inits          0x00000000080002e8       0x28
                0x00000000080002e8                __data_regions_array_start = .
                0x00000000080002e8        0x4 LONG 0x8000378 LOADADDR (.data)
                0x00000000080002ec        0x4 LONG 0x20000000 ADDR (.data)
                0x00000000080002f0        0x4 LONG 0x20000010 (ADDR (.data) + SIZEOF (.data))
                0x00000000080002f4        0x4 LONG 0x8000378 LOADADDR (.data_CCMRAM)
                0x00000000080002f8        0x4 LONG 0x10000000 ADDR (.data_CCMRAM)
                0x00000000080002fc        0x4 LONG 0x10000000 (ADDR (.data_CCMRAM) + SIZEOF (.data_CCMRAM))
                0x0000000008000300                __data_regions_array_end = .
                0x0000000008000300                __bss_regions_array_start = .
                0x0000000008000300        0x4 LONG 0x20000010 ADDR (.bss)
                0x0000000008000304        0x4 LONG 0x2000001c (ADDR (.bss) + SIZEOF (.bss))
                0x0000000008000308        0x4 LONG 0x10000000 ADDR (.bss_CCMRAM)
                0x000000000800030c        0x4 LONG 0x10000000 (ADDR (.bss_CCMRAM) + SIZEOF (.bss_CCMRAM))
                0x0000000008000310                __bss_regions_array_end = .
 *(.init)
 *(.fini)
                0x0000000008000310                . = ALIGN (0x4)
                0x0000000008000310                PROVIDE (__preinit_array_start, .)
 *(.preinit_array_sysinit .preinit_array_sysinit.*)
 *(.preinit_array_platform .preinit_array_platform.*)
 *(.preinit_array .preinit_array.*)
                0x0000000008000310                PROVIDE (__preinit_array_end, .)
                0x0000000008000310                . = ALIGN (0x4)
                0x0000000008000310                PROVIDE (__init_array_start, .)
 *(SORT(.init_array.*))
 *(.init_array)
                0x0000000008000310                PROVIDE (__init_array_end, .)
                0x0000000008000310                . = ALIGN (0x4)
                0x0000000008000310                PROVIDE (__fini_array_start, .)
 *(SORT(.fini_array.*))
 *(.fini_array)
                0x0000000008000310                PROVIDE (__fini_array_end, .)

.flashtext
 *(.flashtext .flashtext.*)

.text           0x0000000008000310       0x68
 *(.text .text.*)
 .text._exit    0x0000000008000310        0x4 ./system/src/newlib/_exit.o
                0x0000000008000310                _exit
 .text.__initialize_args
                0x0000000008000314       0x10 ./system/src/newlib/_syscalls.o
                0x0000000008000314                __initialize_args
 .text.__initialize_hardware_early
                0x0000000008000324        0x8 ./system/src/cortexm/_initialize_hardware.o
                0x0000000008000324                __initialize_hardware_early
 .text.SystemInit
                0x000000000800032c       0x40 ./system/src/cmsis/system_stm32f4xx.o
                0x000000000800032c                SystemInit
 .text.__initialize_hardware
                0x000000000800036c        0x8 ./src/_initialize_hardware.o
                0x000000000800036c                __initialize_hardware
 .text.main     0x0000000008000374        0x4 ./src/main.o
                0x0000000008000374                main
 *(.rodata .rodata.* .constdata .constdata.*)
 *(vtable)
 *(.eh_frame*)
 *(.glue_7)
 .glue_7        0x0000000000000000        0x0 linker stubs
 *(.glue_7t)
 .glue_7t       0x0000000000000000        0x0 linker stubs

.vfp11_veneer   0x0000000008000378        0x0
 .vfp11_veneer  0x0000000000000000        0x0 linker stubs

.v4_bx          0x0000000008000378        0x0
 .v4_bx         0x0000000000000000        0x0 linker stubs

.iplt           0x0000000008000378        0x0
 .iplt          0x0000000000000000        0x0 ./system/src/stm32f4-spl/misc.o

.rel.dyn        0x0000000008000378        0x0
 .rel.iplt      0x0000000000000000        0x0 ./system/src/stm32f4-spl/misc.o

.ARM.extab
 *(.ARM.extab* .gnu.linkonce.armextab.*)
                0x0000000008000378                . = ALIGN (0x4)
                0x0000000008000378                __exidx_start = .

.ARM.exidx
 *(.ARM.exidx* .gnu.linkonce.armexidx.*)
                0x0000000008000378                __exidx_end = .
                0x0000000008000378                . = ALIGN (0x4)
                0x0000000008000378                _etext = .
                0x0000000008000378                __etext = .

.data_CCMRAM    0x0000000010000000        0x0 load address 0x0000000008000378
 FILL mask 0xff
 *(.data.CCMRAM .data.CCMRAM.*)
                0x0000000010000000                . = ALIGN (0x4)
                0x0000000008000378                _sidata = LOADADDR (.data)

.data           0x0000000020000000       0x10 load address 0x0000000008000378
 FILL mask 0xff
                0x0000000020000000                _sdata = .
                0x0000000020000000                __data_start__ = .
 *(.data_begin .data_begin.*)
 .data_begin    0x0000000020000000        0x4 ./system/src/newlib/_startup.o
 *(.data .data.*)
 .data.argv.4510
                0x0000000020000004        0x8 ./system/src/newlib/_syscalls.o
 *(.data_end .data_end.*)
 .data_end      0x000000002000000c        0x4 ./system/src/newlib/_startup.o
                0x0000000020000010                . = ALIGN (0x4)
                0x0000000020000010                _edata = .
                0x0000000020000010                __data_end__ = .

.igot.plt       0x0000000020000010        0x0 load address 0x0000000008000388
 .igot.plt      0x0000000000000000        0x0 ./system/src/stm32f4-spl/misc.o

.bss_CCMRAM     0x0000000010000000        0x0
 *(.bss.CCMRAM .bss.CCMRAM.*)

.bss            0x0000000020000010        0xc
                0x0000000020000010                __bss_start__ = .
                0x0000000020000010                _sbss = .
 *(.bss_begin .bss_begin.*)
 .bss_begin     0x0000000020000010        0x4 ./system/src/newlib/_startup.o
 *(.bss .bss.*)
 .bss.name.4509
                0x0000000020000014        0x4 ./system/src/newlib/_syscalls.o
 *(COMMON)
 *(.bss_end .bss_end.*)
 .bss_end       0x0000000020000018        0x4 ./system/src/newlib/_startup.o
                0x000000002000001c                . = ALIGN (0x4)
                0x000000002000001c                __bss_end__ = .
                0x000000002000001c                _ebss = .

.noinit_CCMRAM
 *(.noinit.CCMRAM .noinit.CCMRAM.*)

.noinit         0x000000002000001c        0x0
                0x000000002000001c                _noinit = .
 *(.noinit .noinit.*)
                0x000000002000001c                . = ALIGN (0x4)
                0x000000002000001c                _end_noinit = .
                0x000000002000001c                PROVIDE (end, _end_noinit)
                0x000000002000001c                PROVIDE (_end, _end_noinit)
                0x000000002000001c                PROVIDE (__end, _end_noinit)
                0x000000002000001c                PROVIDE (__end__, _end_noinit)

._check_stack   0x000000002000001c      0x100
                0x000000002000011c                . = (. + _Minimum_Stack_Size)
 *fill*         0x000000002000001c      0x100 

.b1text
 *(.b1text)
 *(.b1rodata)
 *(.b1rodata.*)

.eb0text
 *(.eb0text)
 *(.eb0rodata)
 *(.eb0rodata.*)

.eb1text
 *(.eb1text)
 *(.eb1rodata)
 *(.eb1rodata.*)

.eb2text
 *(.eb2text)
 *(.eb2rodata)
 *(.eb2rodata.*)

.eb3text
 *(.eb3text)
 *(.eb3rodata)
 *(.eb3rodata.*)

.stab
 *(.stab)

.stabstr
 *(.stabstr)

.stab.excl
 *(.stab.excl)

.stab.exclstr
 *(.stab.exclstr)

.stab.index
 *(.stab.index)

.stab.indexstr
 *(.stab.indexstr)

.comment        0x0000000000000000       0x70
 *(.comment)
 .comment       0x0000000000000000       0x70 ./system/src/newlib/_exit.o
                                         0x71 (size before relaxing)
 .comment       0x0000000000000000       0x71 ./system/src/newlib/_startup.o
 .comment       0x0000000000000000       0x71 ./system/src/newlib/_syscalls.o
 .comment       0x0000000000000000       0x71 ./system/src/cortexm/_initialize_hardware.o
 .comment       0x0000000000000000       0x71 ./system/src/cortexm/exception_handlers.o
 .comment       0x0000000000000000       0x71 ./system/src/cmsis/system_stm32f4xx.o
 .comment       0x0000000000000000       0x71 ./system/src/cmsis/vectors_stm32f4xx.o
 .comment       0x0000000000000000       0x71 ./src/_initialize_hardware.o
 .comment       0x0000000000000000       0x71 ./src/main.o

.ARM.attributes
                0x0000000000000000       0x33
 .ARM.attributes
                0x0000000000000000       0x33 ./system/src/newlib/_exit.o
 .ARM.attributes
                0x0000000000000033       0x33 ./system/src/newlib/_startup.o
 .ARM.attributes
                0x0000000000000066       0x33 ./system/src/newlib/_syscalls.o
 .ARM.attributes
                0x0000000000000099       0x33 ./system/src/cortexm/_initialize_hardware.o
 .ARM.attributes
                0x00000000000000cc       0x33 ./system/src/cortexm/exception_handlers.o
 .ARM.attributes
                0x00000000000000ff       0x33 ./system/src/cmsis/system_stm32f4xx.o
 .ARM.attributes
                0x0000000000000132       0x33 ./system/src/cmsis/vectors_stm32f4xx.o
 .ARM.attributes
                0x0000000000000165       0x33 ./src/_initialize_hardware.o
 .ARM.attributes
                0x0000000000000198       0x33 ./src/main.o

.debug
 *(.debug)

.line
 *(.line)

.debug_srcinfo
 *(.debug_srcinfo)

.debug_sfnames
 *(.debug_sfnames)

.debug_aranges  0x0000000000000000      0x250
 *(.debug_aranges)
 .debug_aranges
                0x0000000000000000       0x28 ./system/src/newlib/_exit.o
 .debug_aranges
                0x0000000000000028       0x40 ./system/src/newlib/_startup.o
 .debug_aranges
                0x0000000000000068       0xd0 ./system/src/newlib/_syscalls.o
 .debug_aranges
                0x0000000000000138       0x28 ./system/src/cortexm/_initialize_hardware.o
 .debug_aranges
                0x0000000000000160       0x68 ./system/src/cortexm/exception_handlers.o
 .debug_aranges
                0x00000000000001c8       0x28 ./system/src/cmsis/system_stm32f4xx.o
 .debug_aranges
                0x00000000000001f0       0x20 ./system/src/cmsis/vectors_stm32f4xx.o
 .debug_aranges
                0x0000000000000210       0x20 ./src/_initialize_hardware.o
 .debug_aranges
                0x0000000000000230       0x20 ./src/main.o

.debug_pubnames
 *(.debug_pubnames)

.debug_info     0x0000000000000000     0x16ec
 *(.debug_info .gnu.linkonce.wi.*)
 .debug_info    0x0000000000000000       0xc9 ./system/src/newlib/_exit.o
 .debug_info    0x00000000000000c9      0x51a ./system/src/newlib/_startup.o
 .debug_info    0x00000000000005e3      0x8f3 ./system/src/newlib/_syscalls.o
 .debug_info    0x0000000000000ed6       0xea ./system/src/cortexm/_initialize_hardware.o
 .debug_info    0x0000000000000fc0       0xe9 ./system/src/cortexm/exception_handlers.o
 .debug_info    0x00000000000010a9      0x4a7 ./system/src/cmsis/system_stm32f4xx.o
 .debug_info    0x0000000000001550       0x92 ./system/src/cmsis/vectors_stm32f4xx.o
 .debug_info    0x00000000000015e2       0xc4 ./src/_initialize_hardware.o
 .debug_info    0x00000000000016a6       0x46 ./src/main.o

.debug_abbrev   0x0000000000000000      0x753
 *(.debug_abbrev)
 .debug_abbrev  0x0000000000000000       0x85 ./system/src/newlib/_exit.o
 .debug_abbrev  0x0000000000000085      0x211 ./system/src/newlib/_startup.o
 .debug_abbrev  0x0000000000000296      0x178 ./system/src/newlib/_syscalls.o
 .debug_abbrev  0x000000000000040e       0x88 ./system/src/cortexm/_initialize_hardware.o
 .debug_abbrev  0x0000000000000496       0x65 ./system/src/cortexm/exception_handlers.o
 .debug_abbrev  0x00000000000004fb      0x104 ./system/src/cmsis/system_stm32f4xx.o
 .debug_abbrev  0x00000000000005ff       0x92 ./system/src/cmsis/vectors_stm32f4xx.o
 .debug_abbrev  0x0000000000000691       0x88 ./src/_initialize_hardware.o
 .debug_abbrev  0x0000000000000719       0x3a ./src/main.o

.debug_line     0x0000000000000000     0x1529
 *(.debug_line)
 .debug_line    0x0000000000000000      0x1a0 ./system/src/newlib/_exit.o
 .debug_line    0x00000000000001a0      0x26d ./system/src/newlib/_startup.o
 .debug_line    0x000000000000040d      0x3d6 ./system/src/newlib/_syscalls.o
 .debug_line    0x00000000000007e3      0x3f8 ./system/src/cortexm/_initialize_hardware.o
 .debug_line    0x0000000000000bdb       0xbf ./system/src/cortexm/exception_handlers.o
 .debug_line    0x0000000000000c9a      0x3f9 ./system/src/cmsis/system_stm32f4xx.o
 .debug_line    0x0000000000001093       0x8e ./system/src/cmsis/vectors_stm32f4xx.o
 .debug_line    0x0000000000001121      0x3c6 ./src/_initialize_hardware.o
 .debug_line    0x00000000000014e7       0x42 ./src/main.o

.debug_frame    0x0000000000000000      0x474
 *(.debug_frame)
 .debug_frame   0x0000000000000000       0x38 ./system/src/newlib/_exit.o
 .debug_frame   0x0000000000000038       0x7c ./system/src/newlib/_startup.o
 .debug_frame   0x00000000000000b4      0x230 ./system/src/newlib/_syscalls.o
 .debug_frame   0x00000000000002e4       0x40 ./system/src/cortexm/_initialize_hardware.o
 .debug_frame   0x0000000000000324       0xb8 ./system/src/cortexm/exception_handlers.o
 .debug_frame   0x00000000000003dc       0x30 ./system/src/cmsis/system_stm32f4xx.o
 .debug_frame   0x000000000000040c       0x20 ./system/src/cmsis/vectors_stm32f4xx.o
 .debug_frame   0x000000000000042c       0x28 ./src/_initialize_hardware.o
 .debug_frame   0x0000000000000454       0x20 ./src/main.o

.debug_str      0x0000000000000000    0x5c9b8
 *(.debug_str)
 .debug_str     0x0000000000000000     0x4b2a ./system/src/newlib/_exit.o
                                       0x4c45 (size before relaxing)
 .debug_str     0x0000000000004b2a      0xee0 ./system/src/newlib/_startup.o
                                       0x406d (size before relaxing)
 .debug_str     0x0000000000005a0a     0x12be ./system/src/newlib/_syscalls.o
                                       0x6268 (size before relaxing)
 .debug_str     0x0000000000006cc8    0x555ce ./system/src/cortexm/_initialize_hardware.o
                                      0x5864c (size before relaxing)
 .debug_str     0x000000000005c296       0xe8 ./system/src/cortexm/exception_handlers.o
                                       0x25eb (size before relaxing)
 .debug_str     0x000000000005c37e      0x1ca ./system/src/cmsis/system_stm32f4xx.o
                                      0x587bf (size before relaxing)
 .debug_str     0x000000000005c548       0x57 ./system/src/cmsis/vectors_stm32f4xx.o
                                       0x2588 (size before relaxing)
 .debug_str     0x000000000005c59f       0x1e ./src/_initialize_hardware.o
                                      0x585f2 (size before relaxing)
 .debug_str     0x000000000005c5bd      0x3fb ./src/main.o
                                       0x26fe (size before relaxing)

.debug_loc      0x0000000000000000      0x9ee
 *(.debug_loc)
 .debug_loc     0x0000000000000000      0x36e ./system/src/newlib/_startup.o
 .debug_loc     0x000000000000036e      0x549 ./system/src/newlib/_syscalls.o
 .debug_loc     0x00000000000008b7      0x137 ./system/src/cmsis/system_stm32f4xx.o

.debug_macinfo
 *(.debug_macinfo)

.debug_weaknames
 *(.debug_weaknames)

.debug_funcnames
 *(.debug_funcnames)

.debug_typenames
 *(.debug_typenames)

.debug_varnames
 *(.debug_varnames)
OUTPUT(TemplateF4SPL.elf elf32-littlearm)

.debug_ranges   0x0000000000000000      0x1c0
 .debug_ranges  0x0000000000000000       0x18 ./system/src/newlib/_exit.o
 .debug_ranges  0x0000000000000018       0x30 ./system/src/newlib/_startup.o
 .debug_ranges  0x0000000000000048       0xc0 ./system/src/newlib/_syscalls.o
 .debug_ranges  0x0000000000000108       0x18 ./system/src/cortexm/_initialize_hardware.o
 .debug_ranges  0x0000000000000120       0x58 ./system/src/cortexm/exception_handlers.o
 .debug_ranges  0x0000000000000178       0x18 ./system/src/cmsis/system_stm32f4xx.o
 .debug_ranges  0x0000000000000190       0x10 ./system/src/cmsis/vectors_stm32f4xx.o
 .debug_ranges  0x00000000000001a0       0x10 ./src/_initialize_hardware.o
 .debug_ranges  0x00000000000001b0       0x10 ./src/main.o

.debug_macro    0x0000000000000000     0x1a9a
 .debug_macro   0x0000000000000000       0xe2 ./system/src/newlib/_exit.o
 .debug_macro   0x00000000000000e2       0x9c ./system/src/newlib/_exit.o
 .debug_macro   0x000000000000017e      0x10e ./system/src/newlib/_exit.o
 .debug_macro   0x000000000000028c       0x86 ./system/src/newlib/_exit.o
 .debug_macro   0x0000000000000312       0x43 ./system/src/newlib/_exit.o
 .debug_macro   0x0000000000000355      0x27a ./system/src/newlib/_exit.o
 .debug_macro   0x00000000000005cf       0xf0 ./system/src/newlib/_startup.o
 .debug_macro   0x00000000000006bf      0x89e ./system/src/newlib/_startup.o
 .debug_macro   0x0000000000000f5d      0x17c ./system/src/newlib/_syscalls.o
 .debug_macro   0x00000000000010d9       0x1c ./system/src/newlib/_syscalls.o
 .debug_macro   0x00000000000010f5       0x10 ./system/src/newlib/_syscalls.o
 .debug_macro   0x0000000000001105       0x35 ./system/src/newlib/_syscalls.o
 .debug_macro   0x000000000000113a       0x10 ./system/src/newlib/_syscalls.o
 .debug_macro   0x000000000000114a       0x10 ./system/src/newlib/_syscalls.o
 .debug_macro   0x000000000000115a       0x35 ./system/src/newlib/_syscalls.o
 .debug_macro   0x000000000000118f      0x121 ./system/src/newlib/_syscalls.o
 .debug_macro   0x00000000000012b0       0x22 ./system/src/newlib/_syscalls.o
 .debug_macro   0x00000000000012d2       0x2b ./system/src/newlib/_syscalls.o
 .debug_macro   0x00000000000012fd      0x118 ./system/src/newlib/_syscalls.o
 .debug_macro   0x0000000000001415      0x13e ./system/src/newlib/_syscalls.o
 .debug_macro   0x0000000000001553       0x16 ./system/src/newlib/_syscalls.o
 .debug_macro   0x0000000000001569      0x1a8 ./system/src/cortexm/_initialize_hardware.o
 .debug_macro   0x0000000000001711       0x1b ./system/src/cortexm/exception_handlers.o
 .debug_macro   0x000000000000172c      0x1a4 ./system/src/cmsis/system_stm32f4xx.o
 .debug_macro   0x00000000000018d0       0x1b ./system/src/cmsis/vectors_stm32f4xx.o
 .debug_macro   0x00000000000018eb      0x19e ./src/_initialize_hardware.o
 .debug_macro   0x0000000000001a89       0x11 ./src/main.o
